[   0.000] Initializing cgroup subsys cpust[   0.0000 Itializing cgroup subsys cpu
[    0.000000] Initializing cgroup subsys cpuacct
[   000000] Linux version 4.4.0-57-generic (buildd@lgw01-54) (gcc version 5.4.0 20160609 (Ubuntu 5.4.0-6ubuntu1~16.04.4) ) #78-Ubuntu SMPFr Dc 9 23:50:32 UTC 2016(Uuntu.4.-57.78-generic 4.4.35)
[    0.000000] Command line: BOOT_IMAGE=/boot/vmlinuz-4.4.0-57-generic root=LABEL=cloudimg-rootfs ro console=tty1 cool=ttyS
[    0.000000] KERNEL supported cpus:
[    0.000000]   Intel GenuineIntel
[    0.000000]   AMD AuthtiAMD
[  0.000000]   Centaur Cetauraus
[   000000] x86/fpu: xstate_offset[2]:  576, xstate_size[2  256
[    0.000000] x86/fpu: Suporng XVEfetu 0x0 '87fltingoit giters'
[    0.000000] x86/fpu: Supporting XSAVE feature 0x02: 'SSE registers'
[    0.000000] x86/fpu: Supporting XSAVE feature 0x04: 'AVX registers'
[    0.000000] x86/fpu: Enabled xstate features 0x7, conexsizeis32 byts,singstndar frmat
    0.00000]86/fpu:sig 'azy' FPU cotet sites.
[    0.000000] e820: BIOS-provided physicl M map:
[    0.000000] BIOS-e82: em 0x0000000000000-0x000000000009fbff] usable
[  0.0000]BIO-e820: [mem 0x000000000009fc00-0x000000000009ffff] reserved
[    0.000000] BIOS-e820: [mem 0x00000000000f0000-0x00000000000fffff] reserv
[    .0000] BIOS-e820: [mem 0x0000000000100000-0x000000007cfeffff] usable
[    0.000000] BIOS-e820: [mem 0x000000007cff0000-0x000000007cffffff]CP dat
   0.000] BIS-20: me0x00000fec000-000000000fc0ff] rseed
  0.000000] BIOS-e820: [mem 0x00000000fee00000-0x00000000fee0ff reserve
[   0.000000] BOS-e820: [mem 0x000000ffc00-x0000000ffffff] reserved
[    0.000000] NX (Execute Disable) protection: active
[    0.000000] SMBIOS 2.5 present.
[    0.000000] Hypervisor detected: KVM
[    0.000000] e820: last_pfn = 0x7cff0 max_arch_pfn = 0x400000000
[    0.000000] MTRR: Disabled
[    0.000000] x86/PAT: MTRRs disabled,  skipping PAT initialization too.
[    0.000000] x86AT: Configuration [0-7]: WB  WT  UC- UC  WB  WT  UC- UC  
[    0.000000] CPU MTRRs all blank - virtualized system.
[    0.000000] found SMP MP-table at [mem 0x0009fff0-0x0009ffff] mappd at[fff88000009fff0]
[    0.000000] Scanning 1 areas for low memory corruption
[    0.000000] RAMDISK: [mem 0x36b74000-0x375b1fff]
[    0.000000] ACPI: Early table checksum verification disabled
[  0.0000] CP: RSDP 0x00000000000E0000 000024 (v02 VBOX  )
[    0.000000] ACPI: XSDT 000000007CFF0030 00003C (v01 VBOX   VBOXXSDT 00000001 ASL  00000061)
[    0.0000] CPI: FACP 0x000000007CFF00F0 0000F4 (v04 VBO  BOXFACP 00000001 ASL  00000061)
[    0.000000] API: DSDT 000000007CFF0470 00210F (v01 VBOX   VBOXBIOS 00000002 INTL 2010058)
[    0.000000] ACPI: ACS0x000007C0200 000040
[    0.000000] ACPI: FACS 0x000000007CFF0200 000040
[    0.000000] ACPI: APIC 0x000000007F024 0005 (02 VX  VBOAP 00000001 ASL  00000061)
[    0.000000] ACPI: SSDT 0x000000007CFF02A0 0001CC (v01 VOX VBOCPT 00000INTL 20100528)
[    0.000000] No NUMA nfgurti fund
[    0.000000 Fing a node at [mem 0x0000000000000000-0x000000007cfeffff]
[    0.000000] NODE_DATA(0) allocated [mem 0x7cfeb000-0x7cfeffff]
[    0.000000] kvm-clck: Using msrs 4b564d01 and 464d00
[    0.000000] kvm-clock: cpu 0, msr 0:7cfe3001, primary cpu clock
[    0.000000] kvm-clo: using sched offset of 33385744 ycles
[    0.000000] clocksource: kvm-clock: mask: 0xffffffffffffffff max_cycles: 0x1cd42e4dffb, max_idle_ns: 881590591483 ns
[    0.000000] Zone ranges:
[    0.000000]   DMA      [mem 0x00000000000001000-0x0000000000fffff]
[    0.000000]   DMA32    [mem 0x0000000001000000-0x000000007cfeffff]
[    0.000000]   Normal   empty
[    0.000000]   Device  mpty
[    0.000000] Movable zone start for each node
[    0.000000] Early memory node ranges
[    0.000000]   node   0: [mem 0x0000000000001000-0x000000000009efff]
[    0.000000]   node   0: [mem 0x0000000000100000-0x000000007cfeffff]
[    0.000000] Initmem setup node 0 [mem 0x0000000000001000-0x000000007cfeffff]
[   0.000000] ACPI: PM-Timer IO Port: 0x4008
[    0.000000] IPI[0: pic_id 2, version 32, addres0xfe000, GSI 0-23
[    0.000000] ACPI: INT_SRC_OVR (bus 0 bus_irq 0 global_irq 2 dl l)
[    0.000000ACPIINT_S_OVR bu 0 bus_irq 9 global_irq 9 high level)
[    0.000000] Using ACPI (MADT) for SMP configuration information
[    0.000000] smpboot: Allowing 2 CPUs, 0 hotplug CPUs
[    0.000000] PM: Registrenosa memy:[mem 0x00000000-0x000ff]
[    0.000000] PM: Registered novememy: [mem 0x0009f000-0x0009ffff]
[    0.000000] PM: Registered nosave memory: [mem 0x000a0000-0x000effff]
[    0.000000] PM: Registered nosave memory: [mem 0x000f0000-0x000fffff]
[    0.000000] e820: [mem 0x7d00000-febfff avaabe f PI devis
[  0.0000] Booting paravirtualized kernel on KVM
[    0.000000] clocksource: refined-jiffies: mask: 0xffffffff max_cycles: 0xffffffff, max_idle_ns: 7645519600211568 ns
[    0.000000] setup_percpu: NR_CPUS:512 nr_cpumask_bits:512 nr_cpu_ids:2 nr_node_ids:1
[    0.000000] PERCPU: Embedded 33 pages/cpu @ffff880070000 s264 192 d712 u1048576
[    0.000000] PV qspinlock hash table entries: 256 (order: 0, 4096 bytes)
[    0.000000] Built 1 zonelists in Node order, mobility grouping on.  Total pages: 503865
[    0.0000]Poicy zone: DMA32
[    0.000000] Kernel commd lin: OT_IMAGE=/boot/vmlinuz-4.4.0-57-generic root=LABEL=cloudimg-rootfs ro console=tty1 coonsol=tyS0
[    0.000000] PID hash table enris: 09 (orr:3, 376 btes)
[  0.0000] emor: 85136K/2047544K available (8432K kernel code, 1291K rwdata, 3960K rda, 1484K init, 1316K bss, 62408K reserved, 0K cma-reserved)
[    0.000000] SLUB: HWalign=64, Order=0-3, MinObjects=0, CPUs=2, Nodes=1
[    0.000000] Hierarchical RCU implemtaion.
[    0.000000] 	Build-time adjustment of leaf fanou t64.
[   .00000]RC restricting CPUs from NR_CPUS=512 to nr_cpu_id=2
[    0.000000] RCU: Adjusting geometry for rcu_fanout_leaf=64, nr_cpu_ids=2
[    0.0000] R_IRQS:33024 nr_irqs:440 16
[    0.000000] Console: coouVGA+805
[   00000]onsoe ty1] abed
  0.0000] onslettyS eable
[   0.000000] tsc: Detected 2904.900 MHz processor
[    7.700113] Calibrating delay loop (skipped) preset value.. 5809.80 BogoMIPS (lpj=11619600)
[    7.730369] pid_max: default: 32768 minimum: 301
[    7.752760] ACPI: Core revision 20150930
[    7.757576] ACPI: 2 ACPI AML tables successfully acquired and loaded
[    7.797164] Security Framework initialized
[    7.798122] Yama: becoming mindful.
[    7.799066] AppArmor: AppArmor initialized
[    7.816207] Dentry cache hash table entries: 262144 (order: 9, 2097152 bytes)
[    7.841099] Inode-cache hash table entries: 131072 (order: 8, 1048576 bytes)
[    7.844152] Mount-cache hash table entries: 4096 (order: 3, 32768 bytes)
[    7.851237] Mountpoint-cache hash table entries: 4096 (order: 3, 32768 bytes)
[    7.887012] Initializing cgroup subsys io
[    7.889811] Initializing cgroup subsys memory
[    7.904559] Initializing cgroup subsys devices
[    7.905682] Initializing cgroup subsys freezer
[    7.913242] Initializing cgroup subsys net_cls
[    7.926756] Initializing cgroup subsys perf_event
[    7.936288] Initializing cgroup subsys net_prio
[    7.943441] Initializing cgroup subsys hugetlb
[    7.944864] Initializing cgroup subsys pids
[    7.960083] CPU: Physical Processor ID: 0
[    7.979307] CPU: Processor Core ID: 0
[    7.981544] mce: CPU supports 0 MCE banks
[    8.004573] Last level iTLB entries: 4KB 64, 2MB 8, 4MB 8
[    8.012570] Last level dTLB entries: 4KB 64, 2MB 0, 4MB 0, 1GB 4
[    8.034518] Freeing SMP alternatives memory: 32K (ffffffff820b7000 - ffffffff820bf000)
[    8.095724] ftrace: allocating 32063 entries in 126 pages
[    8.145090] smpboot: APIC(0) Converting physical 0 to logical package 0
[    8.154013] smpboot: Max logical packages: 1
[    8.156374] x2apic enabled
[    8.157262] Switched APIC routing to physical x2apic.
[    8.159462] ..TIMER: vector=0x30 apic1=0 pin1=2 apic2=-1 pin2=-1
[    8.286798] smpboot: CPU0: Intel(R) Core(TM) i7-6600U CPU @ 2.60GHz (family: 0x6, model: 0x4e, stepping: 0x3)
[    8.307502] Performance Events: unsupported p6 CPU model 78 no PMU driver, software events only.
[    8.323652] KVM setup paravirtual spinlock
[    8.326038] x86: Booting SMP configuration:
[    8.330599] .... node  #0, CPUs:      #1
[    8.331547] kvm-clock: cpu 1, msr 0:7cfe3041, secondary cpu clock
[    8.343048] mce: CPU supports 0 MCE banks
[    8.352614] x86: Booted up 1 node, 2 CPUs
[    8.368646] smpboot: Total of 2 processors activated (11619.60 BogoMIPS)
[    8.370232] devtmpfs: initialized
[    8.378179] evm: security.selinux
[    8.378891] evm: security.SMACK64
[    8.380687] evm: security.SMACK64EXEC
[    8.388246] evm: security.SMACK64TRANSMUTE
[    8.447157] evm: security.SMACK64MMAP
[    8.475069] evm: security.ima
[    8.499273] evm: security.capability
[    8.547001] clocksource: jiffies: mask: 0xffffffff max_cycles: 0xffffffff, max_idle_ns: 7645041785100000 ns
[    8.614824] pinctrl core: initialized pinctrl subsystem
[    8.628947] RTC time: 10:32:41, date: 12/23/16
[    8.639922] NET: Registered protocol family 16
[    8.746576] cpuidle: using governor ladder
[    8.762475] cpuidle: using governor menu
[    8.795849] PCCT header not found.
[    8.812922] ACPI: bus type PCI registered
[    8.813850] acpiphp: ACPI Hot Plug PCI Controller Driver version: 0.5
[    8.845266] PCI: Using configuration type 1 for base access
[    8.872363] ACPI: Added _OSI(Module Device)
[    8.884547] ACPI: Added _OSI(Processor Device)
[    8.887322] ACPI: Added _OSI(3.0 _SCP Extensions)
[    8.901495] ACPI: Added _OSI(Processor Aggregator Device)
[    8.920746] ACPI: Executed 1 blocks of module-level executable AML code
[    8.935984] ACPI: Interpreter enabled
[    8.945949] ACPI: (supports S0 S5)
[    8.947155] ACPI: Using IOAPIC for interrupt routing
[    8.950009] PCI: Using host bridge windows from ACPI; if necessary, use "pci=nocrs" and report a bug
[    8.982684] ACPI: PCI Root Bridge [PCI0] (domain 0000 [bus 00-ff])
[    8.996828] acpi PNP0A03:00: _OSC: OS supports [ASPM ClockPM Segments MSI]
[    9.007283] acpi PNP0A03:00: _OSC failed (AE_NOT_FOUND); disabling ASPM
[    9.018535] acpi PNP0A03:00: fail to add MMCONFIG information, can't access extended PCI configuration space under this bridge.
[    9.057141] PCI host bridge to bus 0000:00
[    9.065178] pci_bus 0000:00: root bus resource [io  0x0000-0x0cf7 window]
[    9.073841] pci_bus 0000:00: root bus resource [io  0x0d00-0xffff window]
[    9.075042] pci_bus 0000:00: root bus resource [mem 0x000a0000-0x000bffff window]
[    9.100130] pci_bus 0000:00: root bus resource [mem 0x7d000000-0xffdfffff window]
[    9.121080] pci_bus 0000:00: root bus resource [bus 00-ff]
[    9.145405] pci 0000:00:01.1: legacy IDE quirk: reg 0x10: [io  0x01f0-0x01f7]
[    9.162063] pci 0000:00:01.1: legacy IDE quirk: reg 0x14: [io  0x03f6]
[    9.163432] pci 0000:00:01.1: legacy IDE quirk: reg 0x18: [io  0x0170-0x0177]
[    9.165028] pci 0000:00:01.1: legacy IDE quirk: reg 0x1c: [io  0x0376]
[    9.201163] pci 0000:00:07.0: quirk: [io  0x4000-0x403f] claimed by PIIX4 ACPI
[    9.239128] pci 0000:00:07.0: quirk: [io  0x4100-0x410f] claimed by PIIX4 SMB
[    9.287821] ACPI: PCI Interrupt Link [LNKA] (IRQs 5 9 10 *11)
[    9.315859] ACPI: PCI Interrupt Link [LNKB] (IRQs 5 9 10 *11)
[    9.347375] ACPI: PCI Interrupt Link [LNKC] (IRQs 5 9 *10 11)
[    9.354482] ACPI: PCI Interrupt Link [LNKD] (IRQs 5 *9 10 11)
[    9.363187] ACPI: Enabled 2 GPEs in block 00 to 07
[    9.370977] vgaarb: setting as boot device: PCI:0000:00:02.0
[    9.373843] vgaarb: device added: PCI:0000:00:02.0,decodes=io+mem,owns=io+mem,locks=none
[    9.385144] vgaarb: loaded
[    9.387490] vgaarb: bridge control possible 0000:00:02.0
[    9.407112] SCSI subsystem initialized
[    9.424977] ACPI: bus type USB registered
[    9.461377] usbcore: registered new interface driver usbfs
[    9.471056] usbcore: registered new interface driver hub
[    9.492602] usbcore: registered new device driver usb
[    9.499016] PCI: Using ACPI for IRQ routing
[    9.526720] NetLabel: Initializing
[    9.541318] NetLabel:  domain hash size = 128
[    9.579949] NetLabel:  protocols = UNLABELED CIPSOv4
[    9.586427] NetLabel:  unlabeled traffic allowed by default
[    9.589843] amd_nb: Cannot enumerate AMD northbridges
[    9.653363] clocksource: Switched to clocksource kvm-clock
[   .682 AppArmor: AppArmor Filesystem Enabled
[    9.833920] pnp: PnP ACPI init
[   9.836111] pnp: PnP ACPI: found 3 devices

[  97730clockoue:cp_p: sk0xff m_cle 0ffff, max_idle_ns: 2085701024 ns
[ 108869 NT: Registered protocol family 2

[   1.70] P stablished hash table entries: 16384 (order: 5, 131072 bytes)
[ 1165728] TCP bind hash table entries: 16384 (order: 6, 262144 bytes)
[  13857TC Hh abesongud stlihed 16384 bind 16384)
[   12.029065] UDP hash table entries: 1024 (order: 3, 32768 bytes)
[   12.030943] UDP-Lite hash table entries: 1024 (order: 3, 32768 bytes)
[  12.032657] NET: Registered protocol family 1
[  1061626] pci 0000:00:00.0: Limiting direct PCI/PCI transfers
[   2.155957] pci 0000:00:01.0: Activating ISA DMA hang workarounds
[  1.23620 Trying tounack rots ag ainiras.
[   15.152464] Freeing initrd memory: 10488K (ffff880036b74000 - ffff8800375b2000)
[   15.303804] platform rtc_cmos: registered platform RTC device (no PNP device found)
[   15.366722] Scanning for low memory corruption every 60 seconds
[   15.381656] futex hash table entries: 512 (order: 3, 32768 bytes)
[   15.407907] audit: initializing netlink subsys (disabled)
[   15.410726] audit: type=2000 audit(1482489163.184:1): initialized
[   15.431010] Initialise system trusted keyring
[   15.441096] HugeTLB registered 2 MB page size, pre-allocated 0 pages
[   15.446567] zbud: loaded
[   15.474557] VFS: Disk quotas dquot_6.6.0
[   15.510558] VFS: Dquot-cache hash table entries: 512 (order 0, 4096 bytes)
[   15.601602] squashfs: version 4.0 (2009/01/31) Phillip Lougher
[   15.604312] fuse init (API version 7.23)
[   15.609378] Key type big_key registered
[   15.630743] Allocating IMA MOK and blacklist keyrings.
[   15.651108] Key type asymmetric registered
[   15.652291] Asymmetric key parser 'x509' registered
[   15.671716] Block layer SCSI generic (bsg) driver version 0.4 loaded (major 249)
[   15.697793] io scheduler noop registered
[   15.705632] io scheduler deadline registered (default)
[   15.706799] io scheduler cfq registered
[   15.715923] pci_hotplug: PCI Hot Plug PCI Core version: 0.5
[   15.745223] pciehp: PCI Express Hot Plug Controller Driver version: 0.4
[   15.749340] ACPI: AC Adapter [AC] (on-line)
[   15.766394] input: Power Button as /devices/LNXSYSTM:00/LNXPWRBN:00/input/input0
[   15.780943] ACPI: Power Button [PWRF]
[   15.785931] input: Sleep Button as /devices/LNXSYSTM:00/LNXSLPBN:00/input/input1
[   15.812099] ACPI: Sleep Button [SLPF]
[   15.816177] ACPI: Battery Slot [BAT0] (battery present)
[   15.825129] GHES: HEST is not enabled!
[   15.827597] Serial: 8250/16550 driver, 32 ports, IRQ sharing enabled
[   15.852913] 00:02: ttyS0 at I/O 0x3f8 (irq = 4, base_baud = 115200) is a 16550A
[   15.889650] Linux agpgart interface v0.103
[   15.904464] brd: module loaded
[   15.919825] loop: module loaded
[   15.926558] scsi host0: ata_piix
[   15.929326] scsi host1: ata_piix
[   15.958086] ata1: PATA max UDMA/33 cmd 0x1f0 ctl 0x3f6 bmdma 0xd000 irq 14
[   15.960882] ata2: PATA max UDMA/33 cmd 0x170 ctl 0x376 bmdma 0xd008 irq 15
[   15.969070] libphy: Fixed MDIO Bus: probed
[   15.984371] tun: Universal TUN/TAP device driver, 1.6
[   15.987876] tun: (C) 1999-2004 Max Krasnyansky <maxk@qualcomm.com>
[   15.989132] PPP generic driver version 2.4.2
[   16.007142] ehci_hcd: USB 2.0 'Enhanced' Host Controller (EHCI) Driver
[   16.036960] ehci-pci: EHCI PCI platform driver
[   16.043017] ehci-platform: EHCI generic platform driver
[   16.052452] ohci_hcd: USB 1.1 'Open' Host Controller (OHCI) Driver
[   16.064948] ohci-pci: OHCI PCI platform driver
[   16.074064] ohci-platform: OHCI generic platform driver
[   16.075047] uhci_hcd: USB Universal Host Controller Interface driver
[   16.083248] i8042: PNP: PS/2 Controller [PNP0303:PS2K,PNP0f03:PS2M] at 0x60,0x64 irq 1,12
[   16.131824] serio: i8042 KBD port at 0x60,0x64 irq 1
[   16.149961] serio: i8042 AUX port at 0x60,0x64 irq 12
[   16.154431] mousedev: PS/2 mouse device common for all mice
[   16.171233] input: AT Translated Set 2 keyboard as /devices/platform/i8042/serio0/input/input2
[   16.224738] rtc_cmos rtc_cmos: rtc core: registered rtc_cmos as rtc0
[   16.227393] rtc_cmos rtc_cmos: alarms up to one day, 114 bytes nvram
[   16.235661] i2c /dev entries driver
[   16.238181] device-mapper: uevent: version 1.0.3
[   16.245155] device-mapper: ioctl: 4.34.0-ioctl (2015-10-28) initialised: dm-devel@redhat.com
[   16.264505] ledtrig-cpu: registered to indicate activity on CPUs
[   16.301658] clocksource: tsc: mask: 0xffffffffffffffff max_cycles: 0x29df582beee, max_idle_ns: 440795307195 ns
[   16.313201] NET: Registered protocol family 10
[   16.317238] NET: Registered protocol family 17
[   16.336108] Key type dns_resolver registered
[   16.339754] microcode: CPU0 sig=0x406e3, pf=0x2, revision=0x0
[   16.349372] microcode: CPU1 sig=0x406e3, pf=0x2, revision=0x0
[   16.350921] microcode: Microcode Update Driver: v2.01 <tigran@aivazian.fsnet.co.uk>, Peter Oruba
[   16.368656] registered taskstats version 1
[   16.391145] Loading compiled-in X.509 certificates
[   16.392746] Loaded X.50 ct 'Build time autogenerated kernel key: a2268f7e4ca1e818c997a5071614f42c2a90855b'
[   16.474306] zswap: load inpo l/zd
[   16.815272] Key type trusted registered
[   16.827067] Key type encrypted registered
[   16.833645] AppArmor: AppArmor sha1 policy hashing enabled
[   16.834700] ima: No TPM chip found, activating TPM-bypass!
[   16.835786] evm: HMAC attrs: 0x1
[   16.844518]   Magic number: 12:303:528
[   16.846693] rtc_cmos rtc_cmos: setting system clock to 2016-12-23 10:32:49 UTC (1482489169)
[   16.866873] BIOS EDD facility v0.16 2004-Jun-25, 0 devices found
[   16.890538] EDD information not available.
[   16.895905] Freeing unused kernel memory: 1484K (ffffffff81f44000 - ffffffff820b7000)
[   16.903911] Write protecting the kernel read-only data: 14336k
[   16.930732] Freeing unused kernel memory: 1796K (ffff88000183f000 - ffff880001a00000)
[   16.960311] Freeing unused kernel memory: 136K (ffff880001dde000 - ffff880001e00000)
Loading, please [   17.006073] random: systemd-udevd: uninitialized urandom read (16 bytes read, 3 bits of entropy available)
wait...
starting version 229
[   17.006949] random: udevadm: uninitialized urandom read (16 bytes read, 3 bits of entropy available)
[   17.007004] random: udevadm: uninitialized urandom read (16 bytes read, 3 bits of entropy available)
[   17.007161] random: udevadm: uninitialized urandom read (16 bytes read, 3 bits of entropy available)
[   17.007204] random: udevadm: uninitialized urandom read (16 bytes read, 3 bits of entropy available)
[   17.007317] random: udevadm: uninitialized urandom read (16 bytes read, 3 bits of entropy available)
[   17.007401] random: udevadm: uninitialized urandom read (16 bytes read, 3 bits of entropy available)
[   17.007449] random: udevadm: uninitialized urandom read (16 bytes read, 3 bits of entropy available)
[   17.007486] random: udevadm: uninitialized urandom read (16 bytes read, 3 bits of entropy available)
[   17.007522] random: udevadm: uninitialized urandom read (16 bytes read, 3 bits of entropy available)
[   17.196672] e1000: Intel(R) PRO/1000 Network Driver - version 7.3.21-k8-NAPI
[   17.224094] e1000: Copyright (c) 1999-2006 Intel Corporation.
[   17.241096] Fusion MPT base driver 3.04.20
[   17.255086] Copyright (c) 1999-2008 LSI Corporation
[   17.291753] Fusion MPT SPI Host driver 3.04.20
[   17.325654] mptbase: ioc0: Initiating bringup
[   17.344338] AVX version of gcm_enc/dec engaged.
[   17.353253] AES CTR mode by8 optimization enabled
[   17.430001] ioc0: LSI53C1030 A0: Capabilities={Initiator}
[   17.485602] input: ImExPS/2 Generic Explorer Mouse as /devices/platform/i8042/serio1/input/input4
[   17.657282] scsi host2: ioc0: LSI53C1030 A0, FwRev=00000000h, Ports=1, MaxQ=256, IRQ=20
[   17.938272] scsi 2:0:0:0: Direct-Access     VBOX     HARDDISK         1.0  PQ: 0 ANSI: 5
[   17.976951] scsi target2:0:0: Beginning Domain Validation
[   17.987295] scsi target2:0:0: Domain Validation skipping write tests
[   17.989033] scsi target2:0:0: Ending Domain Validation
[   17.991630] scsi target2:0:0: asynchronous
[   18.013558] scsi 2:0:1:0: Direct-Access     VBOX     HARDDISK         1.0  PQ: 0 ANSI: 5
[   18.083490] scsi target2:0:1: Beginning Domain Validation
[   18.088442] scsi target2:0:1: Domain Validation skipping write tests
[   18.103777] scsi target2:0:1: Ending Domain Validation
[   18.115259] scsi target2:0:1: asynchronous
[   18.228874] sd 2:0:0:0: Attached scsi generic sg0 type 0
[   18.253926] sd 2:0:0:0: [sda] 20971520 512-byte logical blocks: (10.7 GB/10.0 GiB)
[   18.257532] sd 2:0:0:0: [sda] Write Protect is off
[   18.259900] sd 2:0:0:0: [sda] Incomplete mode parameter data
[   18.268520] sd 2:0:0:0: [sda] Assuming drive cache: write through
[   18.298960] sd 2:0:1:0: Attached scsi generic sg1 type 0
[   18.317452] sd 2:0:1:0: [sdb] 20480 512-byte logical blocks: (10.5 MB/10.0 MiB)
[   18.323742] sd 2:0:1:0: [sdb] Write Protect is off
[   18.334340] sd 2:0:1:0: [sdb] Incomplete mode parameter data
[   18.337455] sd 2:0:1:0: [sdb] Assuming drive cache: write through
[   18.351926] e1000 0000:00:03.0 eth0: (PCI:33MHz:32-bit) 02:a6:9f:fe:ad:64
[   18.351932] e1000 0000:00:03.0 eth0: Intel(R) PRO/1000 Network Connection
[   18.356790]  sda: sda1
[   18.374778] sd 2:0:0:0: [sda] Attached SCSI disk
[   18.392670] sd 2:0:1:0: [sdb] Attached SCSI disk
[   18.913769] e1000 0000:00:08.0 eth1: (PCI:33MHz:32-bit) 08:00:27:3d:c0:d1
[   18.971758] e1000 0000:00:08.0 eth1: Intel(R) PRO/1000 Network Connection
[   19.026237] e1000 0000:00:08.0 enp0s8: renamed from eth1
[   19.173656] e1000 0000:00:03.0 enp0s3: renamed from eth0
[   20.325938] floppy0: no floppy controllers found
Begin: Loading e[   21.884308] md: linear personality registered for level -1
ssential drivers[   21.920368] md: multipath personality registered for level -4
 ... [   21.964025] md: raid0 personality registered for level 0
[   21.984609] md: raid1 personality registered for level 1
[   22.069605] raid6: sse2x1   gen()  6395 MB/s
[   22.141581] raid6: sse2x1   xor()  4671 MB/s
[   22.225461] raid6: sse2x2   gen()  8119 MB/s
[   22.313902] raid6: sse2x2   xor()  4786 MB/s
[   22.393427] raid6: sse2x4   gen()  9375 MB/s
[   22.473647] raid6: sse2x4   xor()  6033 MB/s
[   22.483693] raid6: using algorithm sse2x4 gen() 9375 MB/s
[   22.485031] raid6: .... xor() 6033 MB/s, rmw enabled
[   22.491949] raid6: using ssse3x2 recovery algorithm
[   22.500983] xor: automatically using best checksumming function:
[   22.577561]    avx       : 15127.000 MB/sec
[   22.628129] async_tx: api initialized (async)
[   22.648812] md: raid6 personality registered for level 6
[   22.656799] md: raid5 personality registered for level 5
[   22.666058] md: raid4 personality registered for level 4
[   22.672301] md: raid10 personality registered for level 10
done.
Begin: Running /scripts/init-premount ... done.
Begin: Mounting root file system ... Begin: Running /scripts/local-top ... done.
Begin: Running /scripts/local-premount ... [   22.730668] Btrfs loaded
Scanning for Btrfs filesystems
done.
Warning: fsck not present, so skipping root file system
[   22.809915] EXT4-fs (sda1): mounted filesystem with ordered data mode. Opts: (null)
done.
Begin: Running /scripts/local-bottom ... done.
Begin: Running /scripts/init-bottom ... done.
[   22.946607] systemd[1]: systemd 229 running in system mode. (+PAM +AUDIT +SELINUX +IMA +APPARMOR +SMACK +SYSVINIT +UTMP +LIBCRYPTSETUP +GCRYPT +GNUTLS +ACL +XZ -LZ4 +SECCOMP +BLKID +ELFUTILS +KMOD -IDN)
[   22.966321] systemd[1]: Detected virtualization oracle.
[   22.984312] systemd[1]: Detected architecture x86-64.

Welcome to [1mUbuntu 16.04.1 LTS[0m!

[   23.043367] systemd[1]: Set hostname to <ubuntu>.
[   23.051853] systemd[1]: Initializing machine ID from random generator.
[   23.061437] systemd[1]: Installed transient /etc/machine-id file.
[   23.216565] systemd[1]: Listening on udev Kernel Socket.
[[0;32m  OK  [0m] Listening on udev Kernel Socket.
[   23.285866] systemd[1]: Listening on Device-mapper event daemon FIFOs.
[[0;32m  OK  [0m] Listening on Device-mapper event daemon FIFOs.
[   23.298967] systemd[1]: Listening on udev Control Socket.
[[0;32m  OK  [0m] Listening on udev Control Socket.
[   23.308849] systemd[1]: Started Forward Password Requests to Wall Directory Watch.
[[0;32m  OK  [0m] Started Forward Password Requests to Wall Directory Watch.
[ 233321syem1] Listening on Journal Socket.
[[0;32m  OK  [0m] Listening on Journal Socket.
[   23.681624] systemd[1]: Listening on LVM2 metadata daemon socket.
[[0;32m  OK  [0m] Listening on LVM2 metadata daemon socket.
[   23.7980] systemd[1]: Listening on LVM2 poll daemon socket.
[[0;32m  OK  [0m] Listening on LVM2 poll daemon socket.
[   29374 systemd[1]: Listening on /dev/initctl Compatibiit NmePi.

[[0;32m  OK  [0m] Listening on /dev/initctl Compatibility Named Pipe.
[   24.266786] systemd[1]: Reached target Encrypted Volumes.
[[0;32m  OK  [0m] Reached target Encrypted Volumes.
[   24.270028] systemd[1]: Reached target User and Group Name Lookups.
[[0;32m  OK  [0m] Reached target User and Group Name Lookups.
[   24.282504] systemd[1]: Listening on Syslog Socket.
[[0;32m  OK  [0m] Listening on Syslog Socket.
[   4.22] systemd[1]: Reached target Swap.

[[0;32m  OK  [0m] Reached target Swap.
[   24.461632] systemd[1]: Created slice User and Session Slice.
[[0;32m  OK  [0m] Created slice User and Session Slice.
[   24.465131] systemd[1]: Set up automount Arbitrary Executable File Formats File System Automount Point.
[[0;32m  OK  [0m] Set up automount Arbitrary Executab...ats File System Automount Point.
[  25086] systmd]:Listening on Journal Socket /d/log).
[[0;32m  OK  [0m] Listening on Journal Socket (/dev/log).
[ 24350]ysmmd[1]: Listening on Journal Audit Socket.
[[0;32m  OK  [0m] Listening on Journal Audit Socket.
[ 253283syem1]: Created slice System Slice.
[[0;32m  OK  [0m] Created slice System Slice.
[   25.725550] systemd[1]: Mounting POSIX Message Queue File System...
         Mounting POSIX Message Queue File System...
[   25.757751] systemd[1]: Starting Remount Root and Kernel File Systems...
         Starting Remount Root and Kernel File Systems...
[   25.773894] systemd[1]: Starting Set console keymap...
[   25.789108] EXT4-fs (sda1): re-mounted. Opts: (null)
         Starting Set console keymap...
[   25.845515] systemd[1]: Mounting Huge Pages File System...
         Mounting Huge Pages File System...
[   25.870260] systemd[1]: Mounting Debug File System...
         Mounting Debug File System...
[   25.902520] systemd[1]: Starting Uncomplicated firewall...
         Starting Uncomplicated firewall...
[   26.013785] systemd[1]: Starting Create list of required static device nodes for the current kernel...
         Starting Create list of required st... nodes for the current kernel...
[   26.089622] systemd[1]: Starting Monitoring of LVM2 mirrors, snapshots etc. using dmeventd or progress polling...
[   26.127650] random: nonblocking pool is initialized
         Starting Monitoring of LVM2 mirrors... dmeventd or progress polling...
[   26.151446] systemd[1]: Starting Load Kernel Modules...
         Starting Load Kernel Modules...
[   26.169743] systemd[1]: Reached target Slices.
[[0;32m  OK  [0[   26.180697] Loading iSCSI transport class v2.0-870.
m] Reached targe[   26.223407] iscsi: registered transport (tcp)
t Slices.
[   26.257910] systemd[1]: Created slice system-serial\x2dgetty.slice.
[[0;32m  OK  [0m] Created slice sy[   26.285505] iscsi: registered transport (iser)
stem-serial\x2dgetty.slice.
[   26.357827] systemd[1]: Starting Journal Service...
         Starting Journal Service...
[   26.417752] systemd[1]: Starting Nameserver information manager...
         Starting Nameserver information manager...
[   26.494407] systemd[1]: Mounted Huge Pages File System.
[[0;32m  OK  [0m] Mounted Huge Pages File System.
[   26.499880] systemd[1]: Mounted POSIX Message Queue File System.
[[0;32m  OK  [0m] Mounted POSIX Message Queue File System.
[   26.503422] systemd[1]: Mounted Debug File System.
[[0;32m  OK  [0m] Mounted Debug File System.
[   26.509744] systemd[1]: Started Journal Service.
[[0;32m  OK  [0m] Started Journal Service.
[[0;32m  OK  [0m] Started Remount Root and Kernel File Systems.
[[0;32m  OK  [0m] Started Set console keymap.
[[0;32m  OK  [0m] Started Uncomplicated firewall.
[[0;32m  OK  [0m] Started Create list of required sta...ce nodes for the current kernel.
[[0;32m  OK  [0m] Started Load Kernel Modules.
[[0;32m  OK  [0m] Started Nameserver information manager.
[[0;32m  OK  [0m] Started LVM2 metadata daemon.
         Starting Apply Kernel Variables...
         Mounting FUSE Control File System...
         Starting Create Static Device Nodes in /dev...
         Starting Load/Save Random Seed...
         Starting Initial cloud-init job (pre-networking)...
         Starting udev Coldplug all Devices...
         Starting Flush Journal to Persistent Storage...
[[0;32m  OK  [0m] Mounted FUSE Control File System.
[[0;32m  OK  [0m] Started Apply Kernel Variables.
[[0;32m  OK  [0m] Started Create Static Device Nodes in /dev.
[[0;32m  OK  [0m] Started Load/Save Random Seed.
[[0;32m  OK  [0m] Started udev Coldplug all Devices.
         Starting udev Kernel Device Manager...
[[0;32m  OK  [0m] Started Flush Journal to Persistent Storage.
[[0;32m  OK  [0m] Started udev Kernel Device Manager.
[[0;32m  OK  [0m] Started Dispatch Password Requests to Console Directory Watch.
[[0;32m  OK  [0m] Started Monitoring of LVM2 mirrors,...ng dmeventd or progress polling.
[[0;32m  OK  [0m] Reached target Local File Systems (Pre).
[[0;32m  OK  [0m] Reached target Local File Systems.
         Starting Tell Plymouth To Write Out Runtime Data...
         Starting LSB: AppArmor initialization...
         Starting Commit a transient machine-id on disk...
         Starting Create Volatile Files and Directories...
         Starting Set console font and keymap...
[[0;32m  OK  [0m] Started Tell Plymouth To Write Out Runtime Data.
[[0;32m  OK  [0m] Started Commit a transient machine-id on disk.
[[0;32m  OK  [0m] Started Create Volatile Files and Directories.
         Starting Update UTMP about System Boot/Shutdown...
[[0;32m  OK  [0m] Reached target System Time Synchronized.
[[0;32m  OK  [0m] Started Update UTMP about System Boot/Shutdown.
[   19.436310] cloud-init[481]: Cloud-init v. 0.7.8 running 'init-local' at Fri, 23 Dec 2016 10:33:00 +0000. Up 18.84 seconds.
[[0;32m  OK  [0m] Started Initial cloud-init job (pre-networking).
[[0;32m  OK  [0m] Reached target Network (Pre).
[[0;32m  OK  [0m] Started Set console font and keymap.
[[0;32m  OK  [0m] Created slice system-getty.slice.
[[0;32m  OK  [0m] Started LSB: AppArmor initialization.
         Starting Raise network interfaces...
[[0m[0;31m*     [0m] (1 of 2) A start job is running for...twork interfaces (11s / 5min 5s)[K[[0;1;31m*[0m[0;31m*    [0m] (1 of 2) A start job is running for...twork interfaces (11s / 5min 5s)[K[[0;31m*[0;1;31m*[0m[0;31m*   [0m] (1 of 2) A start job is running for...twork interfaces (12s / 5min 5s)[K[ [0;31m*[0;1;31m*[0m[0;31m*  [0m] (2 of 2) A start job is running for dev-ttyS0.device (13s / 1min 30s)[K[  [0;31m*[0;1;31m*[0m[0;31m* [0m] (2 of 2) A start job is running for dev-ttyS0.device (13s / 1min 30s)[K[   [0;31m*[0;1;31m*[0m[0;31m*[0m] (2 of 2) A start job is running for dev-ttyS0.device (14s / 1min 30s)[K[    [0;31m*[0;1;31m*[0m] (1 of 2) A start job is running for...twork interfaces (15s / 5min 5s)[K[     [0;31m*[0m] (1 of 2) A start job is running for...twork interfaces (15s / 5min 5s)[K[    [0;31m*[0;1;31m*[0m] (1 of 2) A start job is running for...twork interfaces (16s / 5min 5s)[K[   [0;31m*[0;1;31m*[0m[0;31m*[0m] (2 of 2) A start job is running for dev-ttyS0.device (16s / 1min 30s)[K[  [0;31m*[0;1;31m*[0m[0;31m* [0m] (2 of 2) A start job is running for dev-ttyS0.device (17s / 1min 30s)[K[ [0;31m*[0;1;31m*[0m[0;31m*  [0m] (2 of 2) A start job is running for dev-ttyS0.device (18s / 1min 30s)[K[[0;31m*[0;1;31m*[0m[0;31m*   [0m] (1 of 2) A start job is running for...twork interfaces (18s / 5min 5s)[K[[0;1;31m*[0m[0;31m*    [0m] (1 of 2) A start job is running for...twork interfaces (19s / 5min 5s)[K[[0m[0;31m*     [0m] (1 of 2) A start job is running for...twork interfaces (20s / 5min 5s)[K[[0;1;31m*[0m[0;31m*    [0m] (2 of 2) A start job is running for dev-ttyS0.device (21s / 1min 30s)[K[[0;31m*[0;1;31m*[0m[0;31m*   [0m] (2 of 2) A start job is running for dev-ttyS0.device (21s / 1min 30s)[K[ [0;31m*[0;1;31m*[0m[0;31m*  [0m] (2 of 2) A start job is running for dev-ttyS0.device (22s / 1min 30s)[K[  [0;31m*[0;1;31m*[0m[0;31m* [0m] (1 of 2) A start job is running for...twork interfaces (23s / 5min 5s)[K[   [0;31m*[0;1;31m*[0m[0;31m*[0m] (1 of 2) A start job is running for...twork interfaces (24s / 5min 5s)[K[    [0;31m*[0;1;31m*[0m] (1 of 2) A start job is running for...twork interfaces (24s / 5min 5s)[K[     [0;31m*[0m] (2 of 2) A start job is running for dev-ttyS0.device (25s / 1min 30s)[K[    [0;31m*[0;1;31m*[0m] (2 of 2) A start job is running for dev-ttyS0.device (26s / 1min 30s)[K[   [0;31m*[0;1;31m*[0m[0;31m*[0m] (2 of 2) A start job is running for dev-ttyS0.device (27s / 1min 30s)[K[  [0;31m*[0;1;31m*[0m[0;31m* [0m] (1 of 2) A start job is running for...twork interfaces (27s / 5min 5s)[K[ [0;31m*[0;1;31m*[0m[0;31m*  [0m] (1 of 2) A start job is running for...twork interfaces (28s / 5min 5s)[K[[0;31m*[0;1;31m*[0m[0;31m*   [0m] (1 of 2) A start job is running for...twork interfaces (29s / 5min 5s)[K[[0;1;31m*[0m[0;31m*    [0m] (2 of 2) A start job is running for dev-ttyS0.device (30s / 1min 30s)[K[[0m[0;31m*     [0m] (2 of 2) A start job is running for dev-ttyS0.device (30s / 1min 30s)[K[[0;1;31m*[0m[0;31m*    [0m] (2 of 2) A start job is running for dev-ttyS0.device (31s / 1min 30s)[K[[0;31m*[0;1;31m*[0m[0;31m*   [0m] (1 of 2) A start job is running for...twork interfaces (32s / 5min 5s)[K[ [0;31m*[0;1;31m*[0m[0;31m*  [0m] (1 of 2) A start job is running for...twork interfaces (33s / 5min 5s)[K[  [0;31m*[0;1;31m*[0m[0;31m* [0m] (1 of 2) A start job is running for...twork interfaces (33s / 5min 5s)[K[   [0;31m*[0;1;31m*[0m[0;31m*[0m] (2 of 2) A start job is running for dev-ttyS0.device (34s / 1min 30s)[K[    [0;31m*[0;1;31m*[0m] (2 of 2) A start job is running for dev-ttyS0.device (35s / 1min 30s)[K[[0;32m  OK  [0m] Found device /dev/ttyS0.
[[0;32m  OK  [0m] Started ifup for enp0s3.
[[0;32m  OK  [0m] Found device 82540EM Gigabit Ethern...r (PRO/1000 MT Desktop Adapter).
[[0;32m  OK  [0m] Listening on Load/Save RF Kill Switch Status /dev/rfkill Watch.
[[0;32m  OK  [0m] Started Raise network interfaces.
         Starting Initial cloud-init job (metadata service crawler)...
[[0;32m  OK  [0m] Reached target Network.
[   55.772041] cloud-init[1078]: Cloud-init v. 0.7.8 running 'init' at Fri, 23 Dec 2016 10:33:35 +0000. Up 53.27 seconds.
[[0;32m  OK  [0m] Started Initial cloud-init job (metadata service crawler).
[   55.905940] cloud-init[1078]: ci-info: ++++++++++++++++++++++++++++++++++++++Net device info++++++++++++++++++++++++++++++++++++++
[   56.225632] cloud-init[1078]: ci-info: +--------+-------+----------------------------+---------------+-------+-------------------+
[   56.401453] cloud-init[1078]: ci-info: | Device |   Up  |          Address           |      Mask     | Scope |     Hw-Address    |
[   56.402206] cloud-init[1078]: ci-info: +--------+-------+----------------------------+---------------+-------+-------------------+
[[0;32m  OK  [0m] Reached target Cloud-config availability.
[[0;32m  OK  [0m] Reached target System Initialization.
[   56.402344] cloud-init[1078]: ci-info: | enp0s3 |  True |         10.0.2.15          | 255.255.255.0 |   .   | 02:a6:9f:fe:ad:64 |
[[0;32m  OK  [0m] Listening on UUID daemon activation socket.
         Starting Socket activation for snappy daemon.
[[0;32m  OK  [0m] Started Timer to automatically refresh installed snaps.
[   56.543520] cloud-init[1078]: ci-info: | enp0s3 |  True | fe80::a6:9fff:fefe:ad64/64 |       .       |  link | 02:a6:9f:fe:ad:64 |
[   56.746710] cloud-init[1078]: ci-info: | enp0s8 | False |             .              |       .       |   .   | 08:00:27:3d:c0:d1 |
[[0;32m  OK  [0m] Listening on D-Bus System Message Bus Socket.
[[0;32m  OK  [0m] Started Daily apt activities.
[[   56.746952] cloud-init[1078]: ci-info: |   lo   |  True |         127.0.0.1          |   255.0.0.0   |   .   |         .         |
[   57.377497] cloud-init[1078]: ci-info: |   lo   |  True |          ::1/128           |       .       |  host |         .         |
[0;32m  OK  [0m] Started Trigger resolvconf update for networkd DNS.
[[0;32m  OK  [0m] Started Daily Cleanup of Temporary Directories.
[   57.377551] cloud-init[1078]: ci-info: +--------+-------+----------------------------+---------------+-------+-------------------+
[   58.285249] cloud-init[1078]: ci-info: +++++++++++++++++++++++++++Route IPv4 info++++++++++++++++++++++++++++
[[0;32m  OK  [0m] Reached target Timers.
[   58.285437] cloud-init[1078]: ci-info: +-------+-------------+----------+---------------+-----------+-------+
[   58.687689] cloud-init[1078]: ci-info: | Route | Destination | Gateway  |    Genmask    | Interface | Flags |
[   58.981254] cloud-init[1078]: ci-info: +-------+-------------+----------+---------------+-----------+-------+
[   59.306612] cloud-init[1078]: ci-info: |   0   |   0.0.0.0   | 10.0.2.2 |    0.0.0.0    |   enp0s3  |   UG  |
[   59.307098] cloud-init[1078]: ci-info: |   1   |   10.0.2.0  | 0.0.0.0  | 255.255.255.0 |   enp0s3  |   U   |
         Starting LXD - unix socket.
[   59.307342] cloud-init[1078]: ci-info: +-------+-------------+----------+---------------+-----------+-------+
[   60.984389] cloud-init[1078]: Generating public/private rsa key pair.
[   61.319662] cloud-init[1078]: Your identification has been saved in /etc/ssh/ssh_host_rsa_key.
[   61.320222] cloud-init[1078]: Your public key has been saved in /etc/ssh/ssh_host_rsa_key.pub.
[   61.320333] cloud-init[1078]: The key fingerprint is:
[   61.320438] cloud-init[1078]: SHA256:LTCC75X/kdxy3vA8J23HIAV69jzaJMVmEDOAy4k9ASU root@ubuntu-xenial
[   61.320531] cloud-init[1078]: The key's randomart image is:
[   61.320630] cloud-init[1078]: +---[RSA 2048]----+
[   61.320849] cloud-init[1078]: |      Eo....+.   |
[[0;32m  OK  [0m] Started ACPI Events Check.
[   61.320938] cloud-init[1078]: |   .   .o   oo   |
[   62.352654] cloud-init[1078]: |  . . o+ + . +   |
[   62.355620] cloud-init[1078]: |   . ..+*.. o *  |
[[0;32m  OK  [0m] Reached target Paths.
[[0;32m  OK  [0m] Listening on ACPID Listen Socket.
[[0;32m  OK  [0m] Reached target Network is Online.
[   62.443263] cloud-init[1078]: |    . o S..o B   |
[   62.634303]          cloud-initStarting iSCSI initiator daemon (iscsid)...[1078]: 
|   . . . o oo *  |
[[0;32m  OK  [0m] Listening on Socket activation for snappy daemon.
[[0;32m  OK  [0m] Listening on LXD - unix socket.
[   62.635114] cloud-init[1078]: |    .   . = +* = |
[   63.059340] cloud-init[1078]: |         . =.=+ *|
[[0;32m  OK  [0m] Started iSCSI initiator daemon (iscsid).
[   63.155121] cloud-init[1078]: |          . . +=.|
[   63.356633] cloud-init[1078]: +----[SHA256]-----+
         Starting Login to default iSCSI targets...
[[0;32m  OK  [0m] Reached target Sockets.
[[0;32m  OK  [0m] Reached target Basic System.
[   63.359179] cloud-init[1078]: Generating public/private dsa key pair.
[   63.573005] cloud-init[1078]: Your identification has been saved in /etc/ssh/ssh_host_dsa_key.
[[0;32m  OK  [0m] Started Snappy daemon.
[   63.578711] cloud-init[1078]: Your public key has been saved in /etc/ssh/ssh_host_dsa_key.pub.
[   63.679432] cloud-init[1078]: The key fingerprint is:
[   63.683469] cloud-init[1078]: SHA256:CjSiPXeoaB2eKHFR4ADx2Ll2JGay5KykfC7lkkXdtfs root@ubuntu-xenial
[   63.687422] cloud-init[1078]: The key's randomart image is:
[   63.689439] cloud-init[1078]: +---[DSA 1024]----+
[   63.693483] cloud-init[1078]: |=....            |
[   63.696734] cloud-init[1078]: | * o     .       |
[   63.698714] cloud-init[1078]: |o.@ = . . .      |
         Starting System Logging Service...
[[0;32m  OK  [0m] Started FUSE filesystem for LXC.
[   63.729555] cloud-init[1078]: |+B O + . .       |
[   63.882435]          cloud-initStarting LXD - container startup/shutdown...[1078]: 
|++B.= . S .      |
[   64.240469] cloud-init[1078]: |==+Boo . .       |
[   64.243133] cloud-init[1078]: |=+*=  .   .      |
[   64.249556] cloud-init[1078]: |o+o.       E     |
[   64.252223] cloud-init[1078]: |  o.             |
[   64.396377] cloud-init[1078]: +----[SHA256]-----+
[   64.484852] cloud-init[1078]: Generating public/private ecdsa key pair.
[   64.485414] cloud-init[1078]: Your identification has been saved in /etc/ssh/ssh_host_ecdsa_key.
         Starting Auto import assertions from block devices...
[   64.489455] cloud-init[1078]: Your public key has been saved in /etc/ssh/ssh_host_ecdsa_key.pub.
[   64.894432] cloud-init[1078]: The key fingerprint is:
[   64.971922] cloud-init[1078]: SHA256:SJIsn9ZQL6sMT/80ZGTzAiWRTcBWcMXCWPRQsX+ICA4 root@ubuntu-xenial
[   65.096903] cloud-init[1078]: The key's randomart image is:
[   65.097525] cloud-init[1078]: +---[ECDSA 256]---+
         Starting LSB: MD monitoring daemon...
[   65.097674] cloud-init[1078]: |     .*&O++.     |
[   65.211101] cloud-init[1078]: |   . o==+o..     |
[   65.211503] cloud-init[1078]: |  . E.= =.o      |
[   65.211706] cloud-init[1078]: |   o O O + o .   |
[   65.211922] cloud-init[1078]: |  . = = S o o .  |
         Starting Pollinate to seed the pseudo random number generator...
[   65.212288] cloud-init[1078]: |   * o o .   .   |
[   65.264684] cloud-init[1078]: |    + . o        |
[   65.265096] cloud-init[1078]: |       o .       |
[   65.265481] cloud-init[1078]: |        .        |
[   65.265692] cloud-init[1078]: +----[SHA256]-----+
[   65.265746] cloud-init[1078]: Generating public/private ed25519 key pair.
[[0;32m  OK  [0m] Started D-Bus System Message Bus.
[   65.266220] cloud-init[1078]: Your identification has been saved in /etc/ssh/ssh_host_ed25519_key.
         Starting Apply the settings specified in cloud-config...
[   65.403903] cloud-init[1078]: Your public key has been saved in /etc/ssh/ssh_host_ed25519_key.pub.
[   65.440242] cloud-init[1078]: The key fingerprint is:
[[0;32m  OK  [0m] Started Regular background program processing daemon.
[   65.512645] cloud-init[1078]: SHA256:HpuH2yKa6tol9FrHT1tcVRb/17zvbS91bkyeGGw4l4A root@ubuntu-xenial
[[0;32m  OK  [0m] Started ACPI event daemon.
[   65.581061] cloud-init[1078]: The key's randomart image is:
         Starting Login Service...
[   65.768485] cloud-init[1078]: +--[ED25519 256]--+
[[0;32m  OK  [0m[   65.872422] cloud-init[1078]: |               .+|
[   65.872502] cloud-init[1078]: |               o.|
[   65.872562] cloud-init[1078]: |          .   . .|
[   65.872616] cloud-init[1078]: |         E . . .o|
[   65.872737] cloud-init[1078]: |  .     S   = . =|
[   65.872795] cloud-init[1078]: | . . . . * + *  *|
[   65.872846] cloud-init[1078]: |  . + o * + + oBo|
[   65.872902] cloud-init[1078]: | . = o.o.*   ...O|
[   65.872957] cloud-init[1078]: |.o=.o. .+..    =*|
[   65.873005] cloud-init[1078]: +----[SHA256]-----+
] Started Deferred execution scheduler.
         Starting /etc/rc.local Compatibility...
         Starting Accounts Service...
         Starting LSB: Record successful boot for GRUB...
[[0;32m  OK  [0m] Started System Logging Service.
[[0;32m  OK  [0m] Started LXD - container startup/shutdown.
[[0;32m  OK  [0m] Started Auto import assertions from block devices.
[   66.287376] cloud-init[1250]: Generating locales (this might take a while)...
[[0;32m  OK  [0m] Started Pollinate to seed the pseudo random number generator.
[[0;32m  OK  [0m] Started /etc/rc.local Compatibility.
[[0;32m  OK  [0m] Started Login to default iSCSI targets.
[[0;32m  OK  [0m] Started LSB: MD monitoring daemon.
[[0;32m  OK  [0m] Started LSB: Record successful boot for GRUB.
[[0;32m  OK  [0m] Started Login Service.
         Starting Authenticate and Authorize Users to Run Privileged Tasks...
[[0;32m  OK  [0m] Reached target Remote File Systems (Pre).
[[0;32m  OK  [0m] Reached target Remote File Systems.
[   68.360038] cloud-init[1250]:   en_US.UTF-8... done
         Starting LSB: daemon to balance interrupts for SMP systems...
[   68.991375] cloud-init[1250]: Generation complete.
         Starting LSB: automatic crash report generation...
         Starting LSB: VirtualBox Linux Additions...
         Starting LSB: Set the CPU Frequency Scaling governor to "ondemand"...
         Starting Permit User Sessions...
         Starting OpenBSD Secure Shell server...
[[0;32m  OK  [0m] Started OpenBSD Secure Shell server.
[[0;32m  OK  [0m] Started Permit User Sessions.
[[0;32m  OK  [0m] Started Authenticate and Authorize Users to Run Privileged Tasks.
[[0;32m  OK  [0m] Started Accounts Service.
[[0;32m  OK  [0m] [ 1936.727886] e1000 0000:00:03.0 enp0s3: Detected Tx Unit Hang
[ 1936.727886]   Tx Queue             <0>
[ 1936.727886]   TDH                  <6b>
[ 1936.727886]   TDT                  <6c>
[ 1936.727886]   next_to_use          <6c>
[ 1936.727886]   next_to_clean        <6b>
[ 1936.727886] buffer_info[next_to_clean]
[ 1936.727886]   time_stamp           <100063781>
[ 1936.727886]   next_to_watch        <6b>
[ 1936.727886]   jiffies              <1000638ec>
[ 1936.727886]   next_to_watch.status <0>
[ 1939.628163] e1000 0000:00:03.0 enp0s3: Detected Tx Unit Hang
[ 1939.628163]   Tx Queue             <0>
[ 1939.628163]   TDH                  <6b>
[ 1939.628163]   TDT                  <6c>
[ 1939.628163]   next_to_use          <6c>
[ 1939.628163]   next_to_clean        <6b>
[ 1939.628163] buffer_info[next_to_clean]
[ 1939.628163]   time_stamp           <100063781>
[ 1939.628163]   next_to_watch        <6b>
[ 1939.628163]   jiffies              <100063bc1>
[ 1939.628163]   next_to_watch.status <0>
[ 1940.389913] e1000 0000:00:03.0 enp0s3: Reset adapter
  Starting Update UTMP about System Runlevel Changes...
[[0;32m  OK  [0m] Started Update UTMP about System Runlevel Changes.
[[0;32m  OK  [0m] Created slice User Slice of ubuntu.
[   72.110436] cloud-init[1250]: Cloud-init v. 0.7.8 running 'modules:config' at Fri, 23 Dec 2016 10:33:47 +0000. Up 66.00 seconds.
         Starting User Manager for UID 1000...
[[0;32m  OK  [0m] Started User Manager for UID 1000.
[[0;32m  OK  [0m] Started Apply the settings specified in cloud-config.
[[0;32m  OK  [0m] Started Session 1 of user ubuntu.
         Starting Execute cloud user/final scripts...
ci-info: no authorized ssh keys fingerprints found for user ubuntu.
<14>Dec 23 10:33:54 ec2: 
<14>Dec 23 10:33:54 ec2: #############################################################
<14>Dec 23 10:33:54 ec2: -----BEGIN SSH HOST KEY FINGERPRINTS-----
<14>Dec 23 10:33:54 ec2: 1024 SHA256:CjSiPXeoaB2eKHFR4ADx2Ll2JGay5KykfC7lkkXdtfs root@ubuntu-xenial (DSA)
<14>Dec 23 10:33:54 ec2: 256 SHA256:SJIsn9ZQL6sMT/80ZGTzAiWRTcBWcMXCWPRQsX+ICA4 root@ubuntu-xenial (ECDSA)
<14>Dec 23 10:33:54 ec2: 256 SHA256:HpuH2yKa6tol9FrHT1tcVRb/17zvbS91bkyeGGw4l4A root@ubuntu-xenial (ED25519)
<14>Dec 23 10:33:54 ec2: 2048 SHA256:LTCC75X/kdxy3vA8J23HIAV69jzaJMVmEDOAy4k9ASU root@ubuntu-xenial (RSA)
<14>Dec 23 10:33:54 ec2: -----END SSH HOST KEY FINGERPRINTS-----
<14>Dec 23 10:33:54 ec2: #############################################################
-----BEGIN SSH HOST KEY KEYS-----
ecdsa-sha2-nistp256 AAAAE2VjZHNhLXNoYTItbmlzdHAyNTYAAAAIbmlzdHAyNTYAAABBBKUE9M4t/T8aVt+A4WsJOwqloPlRrkfzE6h/H3cJFsBb2VNzIFOBR9yyXbCYQ7Nj8+ltFxS/GUlqG4V9NbQ7zX8= root@ubuntu-xenial
ssh-ed25519 AAAAC3NzaC1lZDI1NTE5AAAAIBNv0j3l5Mafk9cvegWqI5zckCoMpchaX6arpWyNidz9 root@ubuntu-xenial
ssh-rsa AAAAB3NzaC1yc2EAAAADAQABAAABAQDCXGFDtSIUC3ju243Fy8W2zU5pz8tpPjUjjZyJu6xFvROg9EfKVY0e7e7v/HN/560ThFqFliFCXjbbXmLteIC6Sq9bHE2QpxKpWm1zDuXQAHRtj/OCHDPveLpaWc7fSp8sHrgVk/j+ZrlXqyOvjq7CAPSJ2LGlKwc80SyTbkgfOiLHlUegOSvA+m4x6qjoGmY2bWQLNNRd7kJHBqzGNF0LfmEfhxKyldADf3tWF5rx/YDZmkLyfjTWXVL05yTYkkE/W2qhD0/HtiSvSOLxwqoMDk8nmixtewpqNem8axgK51OnBfJiwqg8FyYDsNEFt5UcU+IZdOMmNaKmZq/UIVXv root@ubuntu-xenial
-----END SSH HOST KEY KEYS-----
[   74.340247] cloud-init[1452]: Cloud-init v. 0.7.8 running 'modules:final' at Fri, 23 Dec 2016 10:33:54 +0000. Up 72.89 seconds.
[   74.434981] cloud-init[1452]: ci-info: no authorized ssh keys fingerprints found for user ubuntu.
[   74.603651] [cloud-init[0;32m  OK  [0m[1452]: ] Cloud-init v. 0.7.8 finished at Fri, 23 Dec 2016 10:33:56 +0000. Datasource DataSourceNoCloud [seed=/dev/sdb][dsmode=net].  Up 74.32 secondsStarted Execute cloud user/final scripts.

[[0;32m  OK  [0m] Reached target Cloud-init target.

Ubuntu 16.04.1 LTS node-2 ttyS0

node-2 login: 